Jun 29 15:41:36 fwuTR220864 kernel: klogd 1.4.1, log source = /proc/kmsg started.
Jun 29 15:41:36 fwuTR220864 kernel: Inspecting /boot/System.map
Jun 29 15:41:37 fwuTR220864 kernel: Loaded 18191 symbols from /boot/System.map.
Jun 29 15:41:37 fwuTR220864 kernel: Symbols match kernel version 2.6.14.
Jun 29 15:41:37 fwuTR220864 kernel: No module symbols loaded - kernel modules not enabled. 
Jun 29 15:41:37 fwuTR220864 kernel: Linux version 2.6.14.7-selinux1-ADC_1.0.0.1 (greniej@mule) (gcc version 3.4.4 (Wind River Linux)) #94 Mon Oct 8 10:42:45 CDT 2012
Jun 29 15:41:37 fwuTR220864 kernel: On node 0 totalpages: 32768
Jun 29 15:41:37 fwuTR220864 kernel:   DMA zone: 32768 pages, LIFO batch:15
Jun 29 15:41:37 fwuTR220864 kernel:   Normal zone: 0 pages, LIFO batch:1
Jun 29 15:41:37 fwuTR220864 kernel:   HighMem zone: 0 pages, LIFO batch:1
Jun 29 15:41:37 fwuTR220864 kernel: Built 1 zonelists
Jun 29 15:41:37 fwuTR220864 kernel: Kernel command line: root=/dev/hda1 rw console=ttyS0,57600n8
Jun 29 15:41:37 fwuTR220864 kernel: LTT : ltt-base init
Jun 29 15:41:37 fwuTR220864 kernel: IPIC (128 IRQ sources, 8 External IRQs) at fe000700
Jun 29 15:41:37 fwuTR220864 kernel: PID hash table entries: 1024 (order: 10, 16384 bytes)
Jun 29 15:41:37 fwuTR220864 kernel: Dentry cache hash table entries: 32768 (order: 5, 131072 bytes)
Jun 29 15:41:37 fwuTR220864 kernel: Inode-cache hash table entries: 16384 (order: 4, 65536 bytes)
Jun 29 15:41:37 fwuTR220864 kernel: Memory: 126336k available (2520k kernel code, 812k data, 112k init, 0k highmem)
Jun 29 15:41:37 fwuTR220864 kernel: Calibrating delay loop... 166.40 BogoMIPS (lpj=332800)
Jun 29 15:41:37 fwuTR220864 kernel: Security Framework v1.0.0 initialized
Jun 29 15:41:37 fwuTR220864 kernel: Capability LSM initialized
Jun 29 15:41:37 fwuTR220864 kernel: Mount-cache hash table entries: 512
Jun 29 15:41:37 fwuTR220864 kernel: softlockup thread 0 started up.
Jun 29 15:41:37 fwuTR220864 kernel: NET: Registered protocol family 16
Jun 29 15:41:37 fwuTR220864 kernel: Registering ipic with sysfs...
Jun 29 15:41:37 fwuTR220864 kernel: Generic PHY: Registered new driver
Jun 29 15:41:37 fwuTR220864 kernel: SCSI subsystem initialized
Jun 29 15:41:37 fwuTR220864 kernel: relayfs init
Jun 29 15:41:37 fwuTR220864 kernel: LTT : ltt-facilities init
Jun 29 15:41:37 fwuTR220864 kernel: Registering GDB sysrq handler
Jun 29 15:41:37 fwuTR220864 kernel: NTFS driver 2.1.24 [Flags: R/W].
Jun 29 15:41:37 fwuTR220864 kernel: JFFS2 version 2.2. (NAND) (C) 2001-2003 Red Hat, Inc.
Jun 29 15:41:37 fwuTR220864 kernel: Initializing Cryptographic API
Jun 29 15:41:37 fwuTR220864 kernel: LTT : ltt-facility-core init in kernel
Jun 29 15:41:37 fwuTR220864 kernel: LTT : ltt-facility-fs init in kernel
Jun 29 15:41:37 fwuTR220864 kernel: LTT : ltt-facility-fs_data init in kernel
Jun 29 15:41:37 fwuTR220864 kernel: LTT : ltt-facility-ipc init in kernel
Jun 29 15:41:37 fwuTR220864 kernel: LTT : ltt-facility-kernel_arch init in kernel
Jun 29 15:41:37 fwuTR220864 kernel: LTT : ltt-facility-kernel init in kernel
Jun 29 15:41:37 fwuTR220864 kernel: LTT : ltt-facility-memory init in kernel
Jun 29 15:41:37 fwuTR220864 kernel: LTT : ltt-facility-network init in kernel
Jun 29 15:41:37 fwuTR220864 kernel: LTT : ltt-facility-process init in kernel
Jun 29 15:41:37 fwuTR220864 kernel: LTT : ltt-facility-socket init in kernel
Jun 29 15:41:37 fwuTR220864 kernel: LTT : ltt-facility-timer init in kernel
Jun 29 15:41:37 fwuTR220864 kernel: LTT : ltt-facility-statedump init in kernel
Jun 29 15:41:37 fwuTR220864 kernel: LTT : ltt-facility-network_ip_interface init in kernel
Jun 29 15:41:37 fwuTR220864 kernel: LTT : ltt-core init as module
Jun 29 15:41:37 fwuTR220864 kernel: Generic RTC Driver v1.07
Jun 29 15:41:37 fwuTR220864 kernel: Serial: 8250/16550 driver $Revision: 1.1.1.1 $ 2 ports, IRQ sharing disabled
Jun 29 15:41:37 fwuTR220864 kernel: ttyS0 at MMIO map 0xff404500 mem 0xfe004500 (irq = 9) is a 16550A
Jun 29 15:41:37 fwuTR220864 kernel: ttyS1 at MMIO map 0xff404600 mem 0xfe004600 (irq = 10) is a 16550A
Jun 29 15:41:37 fwuTR220864 kernel: Serial: SeRF driver $Revision: 1.2 $
Jun 29 15:41:37 fwuTR220864 kernel: ttl0 at MMIO map 0x0 mem 0x114 (irq = 21) is a SeRF SFP
Jun 29 15:41:37 fwuTR220864 kernel: ttl1 at MMIO map 0x0 mem 0x194 (irq = 21) is a SeRF SFP
Jun 29 15:41:37 fwuTR220864 kernel: ttl2 at MMIO map 0x0 mem 0x214 (irq = 21) is a SeRF SFP
Jun 29 15:41:37 fwuTR220864 kernel: ttl3 at MMIO map 0x0 mem 0x294 (irq = 21) is a SeRF SFP
Jun 29 15:41:37 fwuTR220864 kernel: ttl4 at MMIO map 0x0 mem 0x314 (irq = 21) is a SeRF SFP
Jun 29 15:41:37 fwuTR220864 kernel: ttl5 at MMIO map 0x0 mem 0x394 (irq = 21) is a SeRF SFP
Jun 29 15:41:37 fwuTR220864 kernel: ttl6 at MMIO map 0x0 mem 0x414 (irq = 21) is a SeRF SFP
Jun 29 15:41:37 fwuTR220864 kernel: ttl7 at MMIO map 0x0 mem 0x494 (irq = 21) is a SeRF SFP
Jun 29 15:41:37 fwuTR220864 kernel: Serial: Nios driver $Revision: 1.0 $
Jun 29 15:41:37 fwuTR220864 kernel: niosa0 at MMIO map 0x0 mem 0x130 (irq = 21) is a Nios A
Jun 29 15:41:37 fwuTR220864 kernel: niosb0 at MMIO map 0x0 mem 0x138 (irq = 21) is a Nios B
Jun 29 15:41:37 fwuTR220864 kernel: niosappc0 at MMIO map 0x0 mem 0x130 (irq = 21) is a Nios PPC A
Jun 29 15:41:37 fwuTR220864 kernel: niosanios0 at MMIO map 0x0 mem 0x130 (irq = 21) is a Nios PPC B
Jun 29 15:41:37 fwuTR220864 kernel: niosbppc0 at MMIO map 0x0 mem 0x138 (irq = 21) is a Nios PPC B
Jun 29 15:41:37 fwuTR220864 kernel: niosbnios0 at MMIO map 0x0 mem 0x138 (irq = 21) is a Nios Nios B
Jun 29 15:41:37 fwuTR220864 kernel: niosa1 at MMIO map 0x0 mem 0x1b0 (irq = 21) is a Nios A
Jun 29 15:41:37 fwuTR220864 kernel: niosb1 at MMIO map 0x0 mem 0x1b8 (irq = 21) is a Nios B
Jun 29 15:41:37 fwuTR220864 kernel: niosappc1 at MMIO map 0x0 mem 0x1b0 (irq = 21) is a Nios PPC A
Jun 29 15:41:37 fwuTR220864 kernel: niosanios1 at MMIO map 0x0 mem 0x1b0 (irq = 21) is a Nios PPC B
Jun 29 15:41:37 fwuTR220864 kernel: niosbppc1 at MMIO map 0x0 mem 0x1b8 (irq = 21) is a Nios PPC B
Jun 29 15:41:37 fwuTR220864 kernel: niosbnios1 at MMIO map 0x0 mem 0x1b8 (irq = 21) is a Nios Nios B
Jun 29 15:41:37 fwuTR220864 kernel: niosa2 at MMIO map 0x0 mem 0x230 (irq = 21) is a Nios A
Jun 29 15:41:37 fwuTR220864 kernel: niosb2 at MMIO map 0x0 mem 0x238 (irq = 21) is a Nios B
Jun 29 15:41:37 fwuTR220864 kernel: niosappc2 at MMIO map 0x0 mem 0x230 (irq = 21) is a Nios PPC A
Jun 29 15:41:37 fwuTR220864 kernel: niosanios2 at MMIO map 0x0 mem 0x230 (irq = 21) is a Nios PPC B
Jun 29 15:41:37 fwuTR220864 kernel: niosbppc2 at MMIO map 0x0 mem 0x238 (irq = 21) is a Nios PPC B
Jun 29 15:41:37 fwuTR220864 kernel: niosbnios2 at MMIO map 0x0 mem 0x238 (irq = 21) is a Nios Nios B
Jun 29 15:41:37 fwuTR220864 kernel: niosa3 at MMIO map 0x0 mem 0x2b0 (irq = 21) is a Nios A
Jun 29 15:41:37 fwuTR220864 kernel: niosb3 at MMIO map 0x0 mem 0x2b8 (irq = 21) is a Nios B
Jun 29 15:41:37 fwuTR220864 kernel: niosappc3 at MMIO map 0x0 mem 0x2b0 (irq = 21) is a Nios PPC A
Jun 29 15:41:37 fwuTR220864 kernel: niosanios3 at MMIO map 0x0 mem 0x2b0 (irq = 21) is a Nios PPC B
Jun 29 15:41:37 fwuTR220864 kernel: niosbppc3 at MMIO map 0x0 mem 0x2b8 (irq = 21) is a Nios PPC B
Jun 29 15:41:37 fwuTR220864 kernel: niosbnios3 at MMIO map 0x0 mem 0x2b8 (irq = 21) is a Nios Nios B
Jun 29 15:41:37 fwuTR220864 kernel: niosa4 at MMIO map 0x0 mem 0x330 (irq = 21) is a Nios A
Jun 29 15:41:37 fwuTR220864 kernel: niosb4 at MMIO map 0x0 mem 0x338 (irq = 21) is a Nios B
Jun 29 15:41:37 fwuTR220864 kernel: niosappc4 at MMIO map 0x0 mem 0x330 (irq = 21) is a Nios PPC A
Jun 29 15:41:37 fwuTR220864 kernel: niosanios4 at MMIO map 0x0 mem 0x330 (irq = 21) is a Nios PPC B
Jun 29 15:41:37 fwuTR220864 kernel: niosbppc4 at MMIO map 0x0 mem 0x338 (irq = 21) is a Nios PPC B
Jun 29 15:41:37 fwuTR220864 kernel: niosbnios4 at MMIO map 0x0 mem 0x338 (irq = 21) is a Nios Nios B
Jun 29 15:41:37 fwuTR220864 kernel: niosa5 at MMIO map 0x0 mem 0x3b0 (irq = 21) is a Nios A
Jun 29 15:41:37 fwuTR220864 kernel: niosb5 at MMIO map 0x0 mem 0x3b8 (irq = 21) is a Nios B
Jun 29 15:41:37 fwuTR220864 kernel: niosappc5 at MMIO map 0x0 mem 0x3b0 (irq = 21) is a Nios PPC A
Jun 29 15:41:37 fwuTR220864 kernel: niosanios5 at MMIO map 0x0 mem 0x3b0 (irq = 21) is a Nios PPC B
Jun 29 15:41:37 fwuTR220864 kernel: niosbppc5 at MMIO map 0x0 mem 0x3b8 (irq = 21) is a Nios PPC B
Jun 29 15:41:37 fwuTR220864 kernel: niosbnios5 at MMIO map 0x0 mem 0x3b8 (irq = 21) is a Nios Nios B
Jun 29 15:41:37 fwuTR220864 kernel: niosa6 at MMIO map 0x0 mem 0x430 (irq = 21) is a Nios A
Jun 29 15:41:37 fwuTR220864 kernel: niosb6 at MMIO map 0x0 mem 0x438 (irq = 21) is a Nios B
Jun 29 15:41:37 fwuTR220864 kernel: niosappc6 at MMIO map 0x0 mem 0x430 (irq = 21) is a Nios PPC A
Jun 29 15:41:37 fwuTR220864 kernel: niosanios6 at MMIO map 0x0 mem 0x430 (irq = 21) is a Nios PPC B
Jun 29 15:41:37 fwuTR220864 kernel: niosbppc6 at MMIO map 0x0 mem 0x438 (irq = 21) is a Nios PPC B
Jun 29 15:41:37 fwuTR220864 kernel: niosbnios6 at MMIO map 0x0 mem 0x438 (irq = 21) is a Nios Nios B
Jun 29 15:41:37 fwuTR220864 kernel: niosa7 at MMIO map 0x0 mem 0x4b0 (irq = 21) is a Nios A
Jun 29 15:41:37 fwuTR220864 kernel: niosb7 at MMIO map 0x0 mem 0x4b8 (irq = 21) is a Nios B
Jun 29 15:41:37 fwuTR220864 kernel: niosappc7 at MMIO map 0x0 mem 0x4b0 (irq = 21) is a Nios PPC A
Jun 29 15:41:37 fwuTR220864 kernel: niosanios7 at MMIO map 0x0 mem 0x4b0 (irq = 21) is a Nios PPC B
Jun 29 15:41:37 fwuTR220864 kernel: niosbppc7 at MMIO map 0x0 mem 0x4b8 (irq = 21) is a Nios PPC B
Jun 29 15:41:37 fwuTR220864 kernel: niosbnios7 at MMIO map 0x0 mem 0x4b8 (irq = 21) is a Nios Nios B
Jun 29 15:41:37 fwuTR220864 kernel: io scheduler noop registered
Jun 29 15:41:37 fwuTR220864 kernel: io scheduler anticipatory registered
Jun 29 15:41:37 fwuTR220864 kernel: io scheduler deadline registered
Jun 29 15:41:37 fwuTR220864 kernel: io scheduler cfq registered
Jun 29 15:41:37 fwuTR220864 kernel: RAMDISK driver initialized: 16 RAM disks of 8192K size 1024 blocksize
Jun 29 15:41:37 fwuTR220864 kernel: JRG: gfar_mdio_probe
Jun 29 15:41:37 fwuTR220864 kernel: Gianfar MII Bus: probed
Jun 29 15:41:37 fwuTR220864 kernel: fs_mdio: device registered
Jun 29 15:41:37 fwuTR220864 kernel: eth0: Gianfar Ethernet Controller Version 1.2, 00:20:a7:23:4e:e7 
Jun 29 15:41:37 fwuTR220864 kernel: eth0: Running with NAPI disabled
Jun 29 15:41:37 fwuTR220864 kernel: eth0: 64/64 RX/TX BD ring size
Jun 29 15:41:37 fwuTR220864 kernel: eth1: Gianfar Ethernet Controller Version 1.2, 00:20:a7:23:4e:e8 
Jun 29 15:41:37 fwuTR220864 kernel: eth1: Running with NAPI disabled
Jun 29 15:41:37 fwuTR220864 kernel: eth1: 64/64 RX/TX BD ring size
Jun 29 15:41:37 fwuTR220864 kernel: Marvell 88E1101: Registered new driver
Jun 29 15:41:37 fwuTR220864 kernel: Marvell 88E1111: Registered new driver
Jun 29 15:41:37 fwuTR220864 kernel: Marvell 88E1145: Registered new driver
Jun 29 15:41:37 fwuTR220864 kernel: Fixed PHY: Registered new driver
Jun 29 15:41:37 fwuTR220864 kernel: netconsole: not configured, aborting
Jun 29 15:41:37 fwuTR220864 kernel: Uniform Multi-Platform E-IDE driver Revision: 7.00alpha2
Jun 29 15:41:37 fwuTR220864 kernel: ide: Assuming 50MHz system bus speed for PIO modes; override with idebus=xx
Jun 29 15:41:37 fwuTR220864 kernel: IDE phys mem : f0000000...f0000400 (size 00000400)
Jun 29 15:41:37 fwuTR220864 kernel: Probing IDE interface ide0...
Jun 29 15:41:37 fwuTR220864 kernel: hda: 4GB CompactFlash Card, ATA DISK drive
Jun 29 15:41:37 fwuTR220864 kernel: ide1: I/O resource 0xC905E20C-0xC905E20C not free.
Jun 29 15:41:37 fwuTR220864 kernel: ide1: ports already in use, skipping probe
Jun 29 15:41:37 fwuTR220864 kernel: ide2: I/O resource 0xC905E20C-0xC905E20C not free.
Jun 29 15:41:37 fwuTR220864 kernel: ide2: ports already in use, skipping probe
Jun 29 15:41:37 fwuTR220864 kernel: ide3: I/O resource 0xC905E20C-0xC905E20C not free.
Jun 29 15:41:37 fwuTR220864 kernel: ide3: ports already in use, skipping probe
Jun 29 15:41:37 fwuTR220864 kernel: ide4: I/O resource 0xC905E20C-0xC905E20C not free.
Jun 29 15:41:37 fwuTR220864 kernel: ide4: ports already in use, skipping probe
Jun 29 15:41:37 fwuTR220864 kernel: ide5: I/O resource 0xC905E20C-0xC905E20C not free.
Jun 29 15:41:37 fwuTR220864 kernel: ide5: ports already in use, skipping probe
Jun 29 15:41:37 fwuTR220864 kernel: ide6: I/O resource 0xC905E20C-0xC905E20C not free.
Jun 29 15:41:37 fwuTR220864 kernel: ide6: ports already in use, skipping probe
Jun 29 15:41:37 fwuTR220864 kernel: ide7: I/O resource 0xC905E20C-0xC905E20C not free.
Jun 29 15:41:37 fwuTR220864 kernel: ide7: ports already in use, skipping probe
Jun 29 15:41:37 fwuTR220864 kernel: ide0 at 0xc905e000-0xc905e007,0xc905e20c on irq 23
Jun 29 15:41:37 fwuTR220864 kernel: hda: max request size: 128KiB
Jun 29 15:41:37 fwuTR220864 kernel: hda: 8027712 sectors (4110 MB) w/1KiB Cache, CHS=7964/16/63
Jun 29 15:41:37 fwuTR220864 kernel: hda: cache flushes not supported
Jun 29 15:41:37 fwuTR220864 kernel:  hda: hda1 hda2
Jun 29 15:41:37 fwuTR220864 kernel: physmap flash device: 800000 at ff800000
Jun 29 15:41:37 fwuTR220864 kernel: phys_mapped_flash: Found 1 x16 devices at 0x0 in 16-bit bank
Jun 29 15:41:37 fwuTR220864 kernel:  Intel/Sharp Extended Query Table at 0x010A
Jun 29 15:41:37 fwuTR220864 kernel: Using buffer write method
Jun 29 15:41:37 fwuTR220864 kernel: cfi_cmdset_0001: Erase suspend on write enabled
Jun 29 15:41:37 fwuTR220864 kernel: number of CFI chips: 1
Jun 29 15:41:37 fwuTR220864 kernel: 0: offset=0x0,size=0x8000,blocks=4
Jun 29 15:41:37 fwuTR220864 kernel: 1: offset=0x20000,size=0x20000,blocks=63
Jun 29 15:41:37 fwuTR220864 kernel: i2c /dev entries driver
Jun 29 15:41:37 fwuTR220864 kernel: NET: Registered protocol family 2
Jun 29 15:41:37 fwuTR220864 kernel: IP route cache hash table entries: 2048 (order: 1, 8192 bytes)
Jun 29 15:41:37 fwuTR220864 kernel: TCP established hash table entries: 8192 (order: 3, 32768 bytes)
Jun 29 15:41:37 fwuTR220864 kernel: TCP bind hash table entries: 8192 (order: 3, 32768 bytes)
Jun 29 15:41:37 fwuTR220864 kernel: TCP: Hash tables configured (established 8192 bind 8192)
Jun 29 15:41:37 fwuTR220864 kernel: TCP reno registered
Jun 29 15:41:37 fwuTR220864 kernel: TCP bic registered
Jun 29 15:41:37 fwuTR220864 kernel: NET: Registered protocol family 1
Jun 29 15:41:37 fwuTR220864 kernel: NET: Registered protocol family 17
Jun 29 15:41:37 fwuTR220864 kernel: kjournald starting.  Commit interval 5 seconds
Jun 29 15:41:37 fwuTR220864 kernel: EXT3-fs warning: checktime reached, running e2fsck is recommended
Jun 29 15:41:37 fwuTR220864 kernel: EXT3 FS on hda1, internal journal
Jun 29 15:41:37 fwuTR220864 kernel: ext3_orphan_cleanup: deleting unreferenced inode 168298
Jun 29 15:41:37 fwuTR220864 kernel: EXT3-fs: hda1: 1 orphan inode deleted
Jun 29 15:41:37 fwuTR220864 kernel: EXT3-fs: recovery complete.
Jun 29 15:41:37 fwuTR220864 kernel: EXT3-fs: mounted filesystem with ordered data mode.
Jun 29 15:41:37 fwuTR220864 kernel: VFS: Mounted root (ext3 filesystem).
Jun 29 15:41:37 fwuTR220864 kernel: Freeing unused kernel memory: 112k init
Jun 29 15:41:37 fwuTR220864 kernel: NET: Registered protocol family 10
Jun 29 15:41:37 fwuTR220864 kernel: IPv6 over IPv4 tunneling driver
Jun 29 15:41:37 fwuTR220864 kernel: ip_tables: (C) 2000-2002 Netfilter core team
Jun 29 15:41:37 fwuTR220864 kernel: ip6_tables: (C) 2000-2002 Netfilter core team
Jun 29 15:41:37 fwuTR220864 kernel: SCTP: Hash tables configured (established 4096 bind 8192)
Jun 29 15:41:37 fwuTR220864 kernel: Module sctp cannot be unloaded due to unsafe usage in net/sctp/protocol.c:1171
Jun 29 15:41:37 fwuTR220864 kernel: device-mapper: 4.4.0-ioctl (2005-01-12) initialised: dm-devel@redhat.com
Jun 29 15:41:37 fwuTR220864 kernel: Attached Fixed PHY
Jun 29 15:41:37 fwuTR220864 kernel: Attached Marvell 88E1145
Jun 29 15:41:37 fwuTR220864 kernel: eth0: no IPv6 routers present
Jun 29 15:41:37 fwuTR220864 kernel: PHY: 0:0a - Link is Up - 100/Full
Jun 29 15:41:37 fwuTR220864 kernel: Trying 100/FULL
Jun 29 15:41:38 fwuTR220864 kernel: PHY: 101:00 - Link is Up - 100/Full
Jun 29 15:41:44 fwuTR220864 kernel: eth1: no IPv6 routers present
Jun 29 15:42:23 fwuTR220864 kernel: serfuart: FPGA reprogrammed after download
Jun 29 15:45:01 fwuTR220864 kernel: klogd 1.4.1, log source = /proc/kmsg started.
Jun 29 15:45:01 fwuTR220864 kernel: Inspecting /boot/System.map
Jun 29 15:45:02 fwuTR220864 kernel: Loaded 18191 symbols from /boot/System.map.
Jun 29 15:45:02 fwuTR220864 kernel: Symbols match kernel version 2.6.14.
Jun 29 15:45:02 fwuTR220864 kernel: No module symbols loaded - kernel modules not enabled. 
Jun 29 15:45:02 fwuTR220864 kernel: Linux version 2.6.14.7-selinux1-ADC_1.0.0.1 (greniej@mule) (gcc version 3.4.4 (Wind River Linux)) #94 Mon Oct 8 10:42:45 CDT 2012
Jun 29 15:45:02 fwuTR220864 kernel: On node 0 totalpages: 32768
Jun 29 15:45:02 fwuTR220864 kernel:   DMA zone: 32768 pages, LIFO batch:15
Jun 29 15:45:02 fwuTR220864 kernel:   Normal zone: 0 pages, LIFO batch:1
Jun 29 15:45:02 fwuTR220864 kernel:   HighMem zone: 0 pages, LIFO batch:1
Jun 29 15:45:02 fwuTR220864 kernel: Built 1 zonelists
Jun 29 15:45:02 fwuTR220864 kernel: Kernel command line: root=/dev/hda1 rw console=ttyS0,57600n8
Jun 29 15:45:02 fwuTR220864 kernel: LTT : ltt-base init
Jun 29 15:45:02 fwuTR220864 kernel: IPIC (128 IRQ sources, 8 External IRQs) at fe000700
Jun 29 15:45:02 fwuTR220864 kernel: PID hash table entries: 1024 (order: 10, 16384 bytes)
Jun 29 15:45:02 fwuTR220864 kernel: Dentry cache hash table entries: 32768 (order: 5, 131072 bytes)
Jun 29 15:45:02 fwuTR220864 kernel: Inode-cache hash table entries: 16384 (order: 4, 65536 bytes)
Jun 29 15:45:02 fwuTR220864 kernel: Memory: 126336k available (2520k kernel code, 812k data, 112k init, 0k highmem)
Jun 29 15:45:02 fwuTR220864 kernel: Calibrating delay loop... 166.40 BogoMIPS (lpj=332800)
Jun 29 15:45:02 fwuTR220864 kernel: Security Framework v1.0.0 initialized
Jun 29 15:45:02 fwuTR220864 kernel: Capability LSM initialized
Jun 29 15:45:02 fwuTR220864 kernel: Mount-cache hash table entries: 512
Jun 29 15:45:02 fwuTR220864 kernel: softlockup thread 0 started up.
Jun 29 15:45:02 fwuTR220864 kernel: NET: Registered protocol family 16
Jun 29 15:45:02 fwuTR220864 kernel: Registering ipic with sysfs...
Jun 29 15:45:02 fwuTR220864 kernel: Generic PHY: Registered new driver
Jun 29 15:45:02 fwuTR220864 kernel: SCSI subsystem initialized
Jun 29 15:45:02 fwuTR220864 kernel: relayfs init
Jun 29 15:45:02 fwuTR220864 kernel: LTT : ltt-facilities init
Jun 29 15:45:02 fwuTR220864 kernel: Registering GDB sysrq handler
Jun 29 15:45:02 fwuTR220864 kernel: NTFS driver 2.1.24 [Flags: R/W].
Jun 29 15:45:02 fwuTR220864 kernel: JFFS2 version 2.2. (NAND) (C) 2001-2003 Red Hat, Inc.
Jun 29 15:45:02 fwuTR220864 kernel: Initializing Cryptographic API
Jun 29 15:45:02 fwuTR220864 kernel: LTT : ltt-facility-core init in kernel
Jun 29 15:45:02 fwuTR220864 kernel: LTT : ltt-facility-fs init in kernel
Jun 29 15:45:02 fwuTR220864 kernel: LTT : ltt-facility-fs_data init in kernel
Jun 29 15:45:02 fwuTR220864 kernel: LTT : ltt-facility-ipc init in kernel
Jun 29 15:45:02 fwuTR220864 kernel: LTT : ltt-facility-kernel_arch init in kernel
Jun 29 15:45:02 fwuTR220864 kernel: LTT : ltt-facility-kernel init in kernel
Jun 29 15:45:02 fwuTR220864 kernel: LTT : ltt-facility-memory init in kernel
Jun 29 15:45:02 fwuTR220864 kernel: LTT : ltt-facility-network init in kernel
Jun 29 15:45:02 fwuTR220864 kernel: LTT : ltt-facility-process init in kernel
Jun 29 15:45:02 fwuTR220864 kernel: LTT : ltt-facility-socket init in kernel
Jun 29 15:45:02 fwuTR220864 kernel: LTT : ltt-facility-timer init in kernel
Jun 29 15:45:02 fwuTR220864 kernel: LTT : ltt-facility-statedump init in kernel
Jun 29 15:45:02 fwuTR220864 kernel: LTT : ltt-facility-network_ip_interface init in kernel
Jun 29 15:45:02 fwuTR220864 kernel: LTT : ltt-core init as module
Jun 29 15:45:02 fwuTR220864 kernel: Generic RTC Driver v1.07
Jun 29 15:45:02 fwuTR220864 kernel: Serial: 8250/16550 driver $Revision: 1.1.1.1 $ 2 ports, IRQ sharing disabled
Jun 29 15:45:02 fwuTR220864 kernel: ttyS0 at MMIO map 0xff404500 mem 0xfe004500 (irq = 9) is a 16550A
Jun 29 15:45:02 fwuTR220864 kernel: ttyS1 at MMIO map 0xff404600 mem 0xfe004600 (irq = 10) is a 16550A
Jun 29 15:45:02 fwuTR220864 kernel: Serial: SeRF driver $Revision: 1.2 $
Jun 29 15:45:02 fwuTR220864 kernel: ttl0 at MMIO map 0x0 mem 0x114 (irq = 21) is a SeRF SFP
Jun 29 15:45:02 fwuTR220864 kernel: ttl1 at MMIO map 0x0 mem 0x194 (irq = 21) is a SeRF SFP
Jun 29 15:45:02 fwuTR220864 kernel: ttl2 at MMIO map 0x0 mem 0x214 (irq = 21) is a SeRF SFP
Jun 29 15:45:02 fwuTR220864 kernel: ttl3 at MMIO map 0x0 mem 0x294 (irq = 21) is a SeRF SFP
Jun 29 15:45:02 fwuTR220864 kernel: ttl4 at MMIO map 0x0 mem 0x314 (irq = 21) is a SeRF SFP
Jun 29 15:45:02 fwuTR220864 kernel: ttl5 at MMIO map 0x0 mem 0x394 (irq = 21) is a SeRF SFP
Jun 29 15:45:02 fwuTR220864 kernel: ttl6 at MMIO map 0x0 mem 0x414 (irq = 21) is a SeRF SFP
Jun 29 15:45:02 fwuTR220864 kernel: ttl7 at MMIO map 0x0 mem 0x494 (irq = 21) is a SeRF SFP
Jun 29 15:45:02 fwuTR220864 kernel: Serial: Nios driver $Revision: 1.0 $
Jun 29 15:45:02 fwuTR220864 kernel: niosa0 at MMIO map 0x0 mem 0x130 (irq = 21) is a Nios A
Jun 29 15:45:02 fwuTR220864 kernel: niosb0 at MMIO map 0x0 mem 0x138 (irq = 21) is a Nios B
Jun 29 15:45:02 fwuTR220864 kernel: niosappc0 at MMIO map 0x0 mem 0x130 (irq = 21) is a Nios PPC A
Jun 29 15:45:02 fwuTR220864 kernel: niosanios0 at MMIO map 0x0 mem 0x130 (irq = 21) is a Nios PPC B
Jun 29 15:45:02 fwuTR220864 kernel: niosbppc0 at MMIO map 0x0 mem 0x138 (irq = 21) is a Nios PPC B
Jun 29 15:45:02 fwuTR220864 kernel: niosbnios0 at MMIO map 0x0 mem 0x138 (irq = 21) is a Nios Nios B
Jun 29 15:45:02 fwuTR220864 kernel: niosa1 at MMIO map 0x0 mem 0x1b0 (irq = 21) is a Nios A
Jun 29 15:45:02 fwuTR220864 kernel: niosb1 at MMIO map 0x0 mem 0x1b8 (irq = 21) is a Nios B
Jun 29 15:45:02 fwuTR220864 kernel: niosappc1 at MMIO map 0x0 mem 0x1b0 (irq = 21) is a Nios PPC A
Jun 29 15:45:02 fwuTR220864 kernel: niosanios1 at MMIO map 0x0 mem 0x1b0 (irq = 21) is a Nios PPC B
Jun 29 15:45:02 fwuTR220864 kernel: niosbppc1 at MMIO map 0x0 mem 0x1b8 (irq = 21) is a Nios PPC B
Jun 29 15:45:02 fwuTR220864 kernel: niosbnios1 at MMIO map 0x0 mem 0x1b8 (irq = 21) is a Nios Nios B
Jun 29 15:45:02 fwuTR220864 kernel: niosa2 at MMIO map 0x0 mem 0x230 (irq = 21) is a Nios A
Jun 29 15:45:02 fwuTR220864 kernel: niosb2 at MMIO map 0x0 mem 0x238 (irq = 21) is a Nios B
Jun 29 15:45:02 fwuTR220864 kernel: niosappc2 at MMIO map 0x0 mem 0x230 (irq = 21) is a Nios PPC A
Jun 29 15:45:02 fwuTR220864 kernel: niosanios2 at MMIO map 0x0 mem 0x230 (irq = 21) is a Nios PPC B
Jun 29 15:45:02 fwuTR220864 kernel: niosbppc2 at MMIO map 0x0 mem 0x238 (irq = 21) is a Nios PPC B
Jun 29 15:45:02 fwuTR220864 kernel: niosbnios2 at MMIO map 0x0 mem 0x238 (irq = 21) is a Nios Nios B
Jun 29 15:45:02 fwuTR220864 kernel: niosa3 at MMIO map 0x0 mem 0x2b0 (irq = 21) is a Nios A
Jun 29 15:45:02 fwuTR220864 kernel: niosb3 at MMIO map 0x0 mem 0x2b8 (irq = 21) is a Nios B
Jun 29 15:45:02 fwuTR220864 kernel: niosappc3 at MMIO map 0x0 mem 0x2b0 (irq = 21) is a Nios PPC A
Jun 29 15:45:02 fwuTR220864 kernel: niosanios3 at MMIO map 0x0 mem 0x2b0 (irq = 21) is a Nios PPC B
Jun 29 15:45:02 fwuTR220864 kernel: niosbppc3 at MMIO map 0x0 mem 0x2b8 (irq = 21) is a Nios PPC B
Jun 29 15:45:02 fwuTR220864 kernel: niosbnios3 at MMIO map 0x0 mem 0x2b8 (irq = 21) is a Nios Nios B
Jun 29 15:45:02 fwuTR220864 kernel: niosa4 at MMIO map 0x0 mem 0x330 (irq = 21) is a Nios A
Jun 29 15:45:02 fwuTR220864 kernel: niosb4 at MMIO map 0x0 mem 0x338 (irq = 21) is a Nios B
Jun 29 15:45:02 fwuTR220864 kernel: niosappc4 at MMIO map 0x0 mem 0x330 (irq = 21) is a Nios PPC A
Jun 29 15:45:02 fwuTR220864 kernel: niosanios4 at MMIO map 0x0 mem 0x330 (irq = 21) is a Nios PPC B
Jun 29 15:45:02 fwuTR220864 kernel: niosbppc4 at MMIO map 0x0 mem 0x338 (irq = 21) is a Nios PPC B
Jun 29 15:45:02 fwuTR220864 kernel: niosbnios4 at MMIO map 0x0 mem 0x338 (irq = 21) is a Nios Nios B
Jun 29 15:45:02 fwuTR220864 kernel: niosa5 at MMIO map 0x0 mem 0x3b0 (irq = 21) is a Nios A
Jun 29 15:45:02 fwuTR220864 kernel: niosb5 at MMIO map 0x0 mem 0x3b8 (irq = 21) is a Nios B
Jun 29 15:45:02 fwuTR220864 kernel: niosappc5 at MMIO map 0x0 mem 0x3b0 (irq = 21) is a Nios PPC A
Jun 29 15:45:02 fwuTR220864 kernel: niosanios5 at MMIO map 0x0 mem 0x3b0 (irq = 21) is a Nios PPC B
Jun 29 15:45:02 fwuTR220864 kernel: niosbppc5 at MMIO map 0x0 mem 0x3b8 (irq = 21) is a Nios PPC B
Jun 29 15:45:02 fwuTR220864 kernel: niosbnios5 at MMIO map 0x0 mem 0x3b8 (irq = 21) is a Nios Nios B
Jun 29 15:45:02 fwuTR220864 kernel: niosa6 at MMIO map 0x0 mem 0x430 (irq = 21) is a Nios A
Jun 29 15:45:02 fwuTR220864 kernel: niosb6 at MMIO map 0x0 mem 0x438 (irq = 21) is a Nios B
Jun 29 15:45:02 fwuTR220864 kernel: niosappc6 at MMIO map 0x0 mem 0x430 (irq = 21) is a Nios PPC A
Jun 29 15:45:02 fwuTR220864 kernel: niosanios6 at MMIO map 0x0 mem 0x430 (irq = 21) is a Nios PPC B
Jun 29 15:45:02 fwuTR220864 kernel: niosbppc6 at MMIO map 0x0 mem 0x438 (irq = 21) is a Nios PPC B
Jun 29 15:45:02 fwuTR220864 kernel: niosbnios6 at MMIO map 0x0 mem 0x438 (irq = 21) is a Nios Nios B
Jun 29 15:45:02 fwuTR220864 kernel: niosa7 at MMIO map 0x0 mem 0x4b0 (irq = 21) is a Nios A
Jun 29 15:45:02 fwuTR220864 kernel: niosb7 at MMIO map 0x0 mem 0x4b8 (irq = 21) is a Nios B
Jun 29 15:45:02 fwuTR220864 kernel: niosappc7 at MMIO map 0x0 mem 0x4b0 (irq = 21) is a Nios PPC A
Jun 29 15:45:02 fwuTR220864 kernel: niosanios7 at MMIO map 0x0 mem 0x4b0 (irq = 21) is a Nios PPC B
Jun 29 15:45:02 fwuTR220864 kernel: niosbppc7 at MMIO map 0x0 mem 0x4b8 (irq = 21) is a Nios PPC B
Jun 29 15:45:02 fwuTR220864 kernel: niosbnios7 at MMIO map 0x0 mem 0x4b8 (irq = 21) is a Nios Nios B
Jun 29 15:45:02 fwuTR220864 kernel: io scheduler noop registered
Jun 29 15:45:02 fwuTR220864 kernel: io scheduler anticipatory registered
Jun 29 15:45:02 fwuTR220864 kernel: io scheduler deadline registered
Jun 29 15:45:02 fwuTR220864 kernel: io scheduler cfq registered
Jun 29 15:45:02 fwuTR220864 kernel: RAMDISK driver initialized: 16 RAM disks of 8192K size 1024 blocksize
Jun 29 15:45:02 fwuTR220864 kernel: JRG: gfar_mdio_probe
Jun 29 15:45:02 fwuTR220864 kernel: Gianfar MII Bus: probed
Jun 29 15:45:02 fwuTR220864 kernel: fs_mdio: device registered
Jun 29 15:45:02 fwuTR220864 kernel: eth0: Gianfar Ethernet Controller Version 1.2, 00:20:a7:23:4e:e7 
Jun 29 15:45:02 fwuTR220864 kernel: eth0: Running with NAPI disabled
Jun 29 15:45:02 fwuTR220864 kernel: eth0: 64/64 RX/TX BD ring size
Jun 29 15:45:02 fwuTR220864 kernel: eth1: Gianfar Ethernet Controller Version 1.2, 00:20:a7:23:4e:e8 
Jun 29 15:45:02 fwuTR220864 kernel: eth1: Running with NAPI disabled
Jun 29 15:45:02 fwuTR220864 kernel: eth1: 64/64 RX/TX BD ring size
Jun 29 15:45:02 fwuTR220864 kernel: Marvell 88E1101: Registered new driver
Jun 29 15:45:02 fwuTR220864 kernel: Marvell 88E1111: Registered new driver
Jun 29 15:45:02 fwuTR220864 kernel: Marvell 88E1145: Registered new driver
Jun 29 15:45:02 fwuTR220864 kernel: Fixed PHY: Registered new driver
Jun 29 15:45:02 fwuTR220864 kernel: netconsole: not configured, aborting
Jun 29 15:45:02 fwuTR220864 kernel: Uniform Multi-Platform E-IDE driver Revision: 7.00alpha2
Jun 29 15:45:02 fwuTR220864 kernel: ide: Assuming 50MHz system bus speed for PIO modes; override with idebus=xx
Jun 29 15:45:02 fwuTR220864 kernel: IDE phys mem : f0000000...f0000400 (size 00000400)
Jun 29 15:45:02 fwuTR220864 kernel: Probing IDE interface ide0...
Jun 29 15:45:02 fwuTR220864 kernel: hda: 4GB CompactFlash Card, ATA DISK drive
Jun 29 15:45:02 fwuTR220864 kernel: ide1: I/O resource 0xC905E20C-0xC905E20C not free.
Jun 29 15:45:02 fwuTR220864 kernel: ide1: ports already in use, skipping probe
Jun 29 15:45:02 fwuTR220864 kernel: ide2: I/O resource 0xC905E20C-0xC905E20C not free.
Jun 29 15:45:02 fwuTR220864 kernel: ide2: ports already in use, skipping probe
Jun 29 15:45:02 fwuTR220864 kernel: ide3: I/O resource 0xC905E20C-0xC905E20C not free.
Jun 29 15:45:02 fwuTR220864 kernel: ide3: ports already in use, skipping probe
Jun 29 15:45:02 fwuTR220864 kernel: ide4: I/O resource 0xC905E20C-0xC905E20C not free.
Jun 29 15:45:02 fwuTR220864 kernel: ide4: ports already in use, skipping probe
Jun 29 15:45:02 fwuTR220864 kernel: ide5: I/O resource 0xC905E20C-0xC905E20C not free.
Jun 29 15:45:02 fwuTR220864 kernel: ide5: ports already in use, skipping probe
Jun 29 15:45:02 fwuTR220864 kernel: ide6: I/O resource 0xC905E20C-0xC905E20C not free.
Jun 29 15:45:02 fwuTR220864 kernel: ide6: ports already in use, skipping probe
Jun 29 15:45:02 fwuTR220864 kernel: ide7: I/O resource 0xC905E20C-0xC905E20C not free.
Jun 29 15:45:02 fwuTR220864 kernel: ide7: ports already in use, skipping probe
Jun 29 15:45:02 fwuTR220864 kernel: ide0 at 0xc905e000-0xc905e007,0xc905e20c on irq 23
Jun 29 15:45:02 fwuTR220864 kernel: hda: max request size: 128KiB
Jun 29 15:45:02 fwuTR220864 kernel: hda: 8027712 sectors (4110 MB) w/1KiB Cache, CHS=7964/16/63
Jun 29 15:45:02 fwuTR220864 kernel: hda: cache flushes not supported
Jun 29 15:45:02 fwuTR220864 kernel:  hda: hda1 hda2
Jun 29 15:45:02 fwuTR220864 kernel: physmap flash device: 800000 at ff800000
Jun 29 15:45:02 fwuTR220864 kernel: phys_mapped_flash: Found 1 x16 devices at 0x0 in 16-bit bank
Jun 29 15:45:02 fwuTR220864 kernel:  Intel/Sharp Extended Query Table at 0x010A
Jun 29 15:45:02 fwuTR220864 kernel: Using buffer write method
Jun 29 15:45:02 fwuTR220864 kernel: cfi_cmdset_0001: Erase suspend on write enabled
Jun 29 15:45:02 fwuTR220864 kernel: number of CFI chips: 1
Jun 29 15:45:02 fwuTR220864 kernel: 0: offset=0x0,size=0x8000,blocks=4
Jun 29 15:45:02 fwuTR220864 kernel: 1: offset=0x20000,size=0x20000,blocks=63
Jun 29 15:45:02 fwuTR220864 kernel: i2c /dev entries driver
Jun 29 15:45:02 fwuTR220864 kernel: NET: Registered protocol family 2
Jun 29 15:45:02 fwuTR220864 kernel: IP route cache hash table entries: 2048 (order: 1, 8192 bytes)
Jun 29 15:45:02 fwuTR220864 kernel: TCP established hash table entries: 8192 (order: 3, 32768 bytes)
Jun 29 15:45:02 fwuTR220864 kernel: TCP bind hash table entries: 8192 (order: 3, 32768 bytes)
Jun 29 15:45:02 fwuTR220864 kernel: TCP: Hash tables configured (established 8192 bind 8192)
Jun 29 15:45:02 fwuTR220864 kernel: TCP reno registered
Jun 29 15:45:02 fwuTR220864 kernel: TCP bic registered
Jun 29 15:45:02 fwuTR220864 kernel: NET: Registered protocol family 1
Jun 29 15:45:02 fwuTR220864 kernel: NET: Registered protocol family 17
Jun 29 15:45:02 fwuTR220864 kernel: kjournald starting.  Commit interval 5 seconds
Jun 29 15:45:02 fwuTR220864 kernel: EXT3-fs warning: checktime reached, running e2fsck is recommended
Jun 29 15:45:02 fwuTR220864 kernel: EXT3 FS on hda1, internal journal
Jun 29 15:45:02 fwuTR220864 kernel: EXT3-fs: recovery complete.
Jun 29 15:45:02 fwuTR220864 kernel: EXT3-fs: mounted filesystem with ordered data mode.
Jun 29 15:45:02 fwuTR220864 kernel: VFS: Mounted root (ext3 filesystem).
Jun 29 15:45:02 fwuTR220864 kernel: Freeing unused kernel memory: 112k init
Jun 29 15:45:02 fwuTR220864 kernel: NET: Registered protocol family 10
Jun 29 15:45:02 fwuTR220864 kernel: IPv6 over IPv4 tunneling driver
Jun 29 15:45:02 fwuTR220864 kernel: ip_tables: (C) 2000-2002 Netfilter core team
Jun 29 15:45:02 fwuTR220864 kernel: ip6_tables: (C) 2000-2002 Netfilter core team
Jun 29 15:45:02 fwuTR220864 kernel: SCTP: Hash tables configured (established 4096 bind 8192)
Jun 29 15:45:02 fwuTR220864 kernel: Module sctp cannot be unloaded due to unsafe usage in net/sctp/protocol.c:1171
Jun 29 15:45:02 fwuTR220864 kernel: device-mapper: 4.4.0-ioctl (2005-01-12) initialised: dm-devel@redhat.com
Jun 29 15:45:02 fwuTR220864 kernel: Attached Fixed PHY
Jun 29 15:45:02 fwuTR220864 kernel: Attached Marvell 88E1145
Jun 29 15:45:02 fwuTR220864 kernel: PHY: 0:0a - Link is Up - 100/Full
Jun 29 15:45:04 fwuTR220864 kernel: eth0: no IPv6 routers present
Jun 29 15:45:06 fwuTR220864 kernel: Trying 100/FULL
Jun 29 15:45:07 fwuTR220864 kernel: PHY: 101:00 - Link is Up - 100/Full
Jun 29 15:45:09 fwuTR220864 kernel: eth1: no IPv6 routers present
Jun 29 15:45:48 fwuTR220864 kernel: serfuart: FPGA reprogrammed after download
Jun 29 15:45:48 fwuTR220864 kernel: serfuart: FPGA reprogrammed after download
